Name                                                                         Stmts   Miss  Cover
------------------------------------------------------------------------------------------------
config\__init__.py                                                               3      0   100%
config\asgi.py                                                                   4      4     0%
config\celery.py                                                                 6      0   100%
config\settings.py                                                              32      0   100%
config\urls.py                                                                   7      0   100%
config\wsgi.py                                                                   4      4     0%
habits\__init__.py                                                               0      0   100%
habits\admin.py                                                                  1      0   100%
habits\apps.py                                                                   4      0   100%
habits\migrations\0001_initial.py                                                7      0   100%
habits\migrations\0002_alter_habit_interval_alter_habit_sign_good_habit.py       4      0   100%
habits\migrations\__init__.py                                                    0      0   100%
habits\models.py                                                                20      1    95%
habits\paginators.py                                                             3      0   100%
habits\permissions.py                                                            6      1    83%
habits\serializers.py                                                            8      0   100%
habits\tasks.py                                                                 11     11     0%
habits\tests.py                                                                 30      0   100%
habits\urls.py                                                                   5      0   100%
habits\validators.py                                                            16      5    69%
habits\views.py                                                                 38      1    97%
manage.py                                                                       12      2    83%
user\__init__.py                                                                 0      0   100%
user\admin.py                                                                    1      0   100%
user\apps.py                                                                     4      0   100%
user\migrations\0001_initial.py                                                  7      0   100%
user\migrations\0002_user_id_telegram.py                                         4      0   100%
user\migrations\__init__.py                                                      0      0   100%
user\models.py                                                                  10      1    90%
user\serializers.py                                                              6      0   100%
user\tests.py                                                                    1      0   100%
user\urls.py                                                                     6      0   100%
user\views.py                                                                    5      0   100%
------------------------------------------------------------------------------------------------
TOTAL                                                                          265     30    89%
